2026-08-22T23:13:01.993+08:00 [Information] ApplicationStarting 应用启动。
2026-08-22T23:13:02.011+08:00 [Information] DataRoot 数据根目录：C:\Users\李佳茂\AppData\Local\Temp\as-ui3-round-13-6d6b5ce3dfb64c0e98017ee8151023a6
2026-08-22T23:13:02.027+08:00 [Information] PrimaryInstanceAcquired 本实例成为主实例。
2026-08-22T23:13:02.053+08:00 [Information] ServiceProviderBuilt 服务容器构建完成。
2026-08-22T23:13:02.063+08:00 [Information] LifetimeCoordinatorResolving 解析应用生命周期协调器。
2026-08-22T23:13:02.114+08:00 [Information] LifetimeCoordinatorResolved 应用生命周期协调器已解析。
2026-08-22T23:13:02.119+08:00 [Information] ActivationPipeStarting 激活管道启动中。
2026-08-22T23:13:02.134+08:00 [Information] ActivationPipeStarted 激活管道已启动。
2026-08-22T23:13:02.160+08:00 [Information] TaskSyncSettingsLoaded 任务计划程序同步开关已加载：关闭（NotFound）。
2026-08-22T23:13:02.171+08:00 [Information] SchedulerStarting 调度引擎启动中。
2026-08-22T23:13:02.193+08:00 [Information] SchedulerRunning 调度引擎已启动。
2026-08-22T23:13:02.202+08:00 [Information] RemoteServer 远程控制未启用或配置无效；不监听。
2026-08-22T23:13:02.273+08:00 [Information] MainWindowActivating 主窗口激活中。
2026-08-22T23:13:03.547+08:00 [Information] ApplicationStarting 应用启动。
2026-08-22T23:13:03.562+08:00 [Information] DataRoot 数据根目录：C:\Users\李佳茂\AppData\Local\Temp\as-ui3-round-13-6d6b5ce3dfb64c0e98017ee8151023a6
2026-08-22T23:13:03.576+08:00 [Warning] SecondaryInstanceDetected 检测到主实例已在运行，发送激活通知后退出。
2026-08-22T23:13:03.594+08:00 [Information] ApplicationStopped 应用已退出。
2026-08-22T23:13:03.726+08:00 [Information] MainWindowActivated 主窗口已激活。
2026-08-22T23:13:03.728+08:00 [Information] ApplicationStarted 应用启动完成。
2026-08-22T23:13:03.786+08:00 [Warning] ConfigurationUnavailable 配置不可用，状态：Invalid
2026-08-22T23:13:03.791+08:00 [Information] AutoStartStatusChecked 自启动状态：未启用。
2026-08-22T23:13:17.354+08:00 [Information] TrayExitRequested 托盘菜单：退出程序。
2026-08-22T23:13:17.359+08:00 [Information] ApplicationStopping 应用正在退出。
2026-08-22T23:13:17.370+08:00 [Information] SchedulerStopping 调度引擎正在停止。
2026-08-22T23:13:17.391+08:00 [Information] RemoteServer 远程控制已停止。
2026-08-22T23:13:17.399+08:00 [Information] SchedulerStopped 调度引擎已停止。
2026-08-22T23:13:17.421+08:00 [Information] ApplicationStopped 应用已退出。
