2026-08-22T23:11:43.833+08:00 [Information] ApplicationStarting 应用启动。
2026-08-22T23:11:43.851+08:00 [Information] DataRoot 数据根目录：C:\Users\李佳茂\AppData\Local\Temp\as-ui3-round-4-8bab4303e2bb49b0ab4fbe1ee3e459ec
2026-08-22T23:11:43.870+08:00 [Information] PrimaryInstanceAcquired 本实例成为主实例。
2026-08-22T23:11:43.904+08:00 [Information] ServiceProviderBuilt 服务容器构建完成。
2026-08-22T23:11:43.910+08:00 [Information] LifetimeCoordinatorResolving 解析应用生命周期协调器。
2026-08-22T23:11:43.965+08:00 [Information] LifetimeCoordinatorResolved 应用生命周期协调器已解析。
2026-08-22T23:11:43.970+08:00 [Information] ActivationPipeStarting 激活管道启动中。
2026-08-22T23:11:43.983+08:00 [Information] ActivationPipeStarted 激活管道已启动。
2026-08-22T23:11:44.008+08:00 [Information] TaskSyncSettingsLoaded 任务计划程序同步开关已加载：关闭（NotFound）。
2026-08-22T23:11:44.018+08:00 [Information] SchedulerStarting 调度引擎启动中。
2026-08-22T23:11:44.039+08:00 [Information] SchedulerRunning 调度引擎已启动。
2026-08-22T23:11:44.046+08:00 [Information] RemoteServer 远程控制未启用或配置无效；不监听。
2026-08-22T23:11:44.116+08:00 [Information] MainWindowActivating 主窗口激活中。
2026-08-22T23:11:45.508+08:00 [Information] ApplicationStarting 应用启动。
2026-08-22T23:11:45.525+08:00 [Information] DataRoot 数据根目录：C:\Users\李佳茂\AppData\Local\Temp\as-ui3-round-4-8bab4303e2bb49b0ab4fbe1ee3e459ec
2026-08-22T23:11:45.536+08:00 [Warning] SecondaryInstanceDetected 检测到主实例已在运行，发送激活通知后退出。
2026-08-22T23:11:45.557+08:00 [Information] ApplicationStopped 应用已退出。
2026-08-22T23:11:45.597+08:00 [Information] MainWindowActivated 主窗口已激活。
2026-08-22T23:11:45.599+08:00 [Information] ApplicationStarted 应用启动完成。
2026-08-22T23:11:45.658+08:00 [Warning] ConfigurationUnavailable 配置不可用，状态：Invalid
2026-08-22T23:11:45.663+08:00 [Information] AutoStartStatusChecked 自启动状态：未启用。
2026-08-22T23:11:59.248+08:00 [Information] TrayExitRequested 托盘菜单：退出程序。
2026-08-22T23:11:59.253+08:00 [Information] ApplicationStopping 应用正在退出。
2026-08-22T23:11:59.260+08:00 [Information] SchedulerStopping 调度引擎正在停止。
2026-08-22T23:11:59.284+08:00 [Information] RemoteServer 远程控制已停止。
2026-08-22T23:11:59.291+08:00 [Information] SchedulerStopped 调度引擎已停止。
2026-08-22T23:11:59.311+08:00 [Information] ApplicationStopped 应用已退出。
