== 构建当前源码 (HEAD d0c01f3) ==
  Determining projects to restore...
  All projects are up-to-date for restore.
  AutoShutdown.Core -> D:\电脑定时关机重建完整版\.build-tmp\S-UI3-d0c01f3\AutoShutdown.Core.dll
  AutoShutdown.OfficeSaveHelper -> D:\电脑定时关机重建完整版\.build-tmp\S-UI3-d0c01f3\AutoShutdown.OfficeSaveHelper.dll
  AutoShutdown.App -> D:\电脑定时关机重建完整版\.build-tmp\S-UI3-d0c01f3\AutoShutdown.App.dll

Build succeeded.
    0 Warning(s)
    0 Error(s)

Time Elapsed 00:00:05.73
EXE: D:\电脑定时关机重建完整版\.build-tmp\S-UI3-d0c01f3\AutoShutdown.App.exe
Evidence: D:\电脑定时关机重建完整版\S-PKG-work包\S-UI3-验收证据
== 构建当前源码 (HEAD d0c01f3) ==
  Determining projects to restore...
  All projects are up-to-date for restore.
  AutoShutdown.Core -> D:\电脑定时关机重建完整版\.build-tmp\S-UI3-d0c01f3\AutoShutdown.Core.dll
  AutoShutdown.OfficeSaveHelper -> D:\电脑定时关机重建完整版\.build-tmp\S-UI3-d0c01f3\AutoShutdown.OfficeSaveHelper.dll
  AutoShutdown.App -> D:\电脑定时关机重建完整版\.build-tmp\S-UI3-d0c01f3\AutoShutdown.App.dll

Build succeeded.
    0 Warning(s)
    0 Error(s)

Time Elapsed 00:00:01.17
EXE: D:\电脑定时关机重建完整版\.build-tmp\S-UI3-d0c01f3\AutoShutdown.App.exe
Evidence: D:\电脑定时关机重建完整版\S-PKG-work包\S-UI3-验收证据
== 构建当前源码 (HEAD d0c01f3) ==
  Determining projects to restore...
  All projects are up-to-date for restore.
  AutoShutdown.Core -> D:\电脑定时关机重建完整版\.build-tmp\S-UI3-d0c01f3\AutoShutdown.Core.dll
  AutoShutdown.OfficeSaveHelper -> D:\电脑定时关机重建完整版\.build-tmp\S-UI3-d0c01f3\AutoShutdown.OfficeSaveHelper.dll
  AutoShutdown.App -> D:\电脑定时关机重建完整版\.build-tmp\S-UI3-d0c01f3\AutoShutdown.App.dll

Build succeeded.
    0 Warning(s)
    0 Error(s)

Time Elapsed 00:00:01.25
EXE: D:\电脑定时关机重建完整版\.build-tmp\S-UI3-d0c01f3\AutoShutdown.App.exe
Evidence: D:\电脑定时关机重建完整版\S-PKG-work包\S-UI3-验收证据
== 构建当前源码 (HEAD d0c01f3) ==
  Determining projects to restore...
  All projects are up-to-date for restore.
  AutoShutdown.Core -> D:\电脑定时关机重建完整版\.build-tmp\S-UI3-d0c01f3\AutoShutdown.Core.dll
  AutoShutdown.OfficeSaveHelper -> D:\电脑定时关机重建完整版\.build-tmp\S-UI3-d0c01f3\AutoShutdown.OfficeSaveHelper.dll
  AutoShutdown.App -> D:\电脑定时关机重建完整版\.build-tmp\S-UI3-d0c01f3\AutoShutdown.App.dll

Build succeeded.
    0 Warning(s)
    0 Error(s)

Time Elapsed 00:00:01.16
EXE: D:\电脑定时关机重建完整版\.build-tmp\S-UI3-d0c01f3\AutoShutdown.App.exe
Evidence: D:\电脑定时关机重建完整版\S-PKG-work包\S-UI3-验收证据
