2026-08-22T20:12:26.650+08:00 [Information] ApplicationStarting 应用启动。
2026-08-22T20:12:26.665+08:00 [Information] DataRoot 数据根目录：C:\Users\李佳茂\AppData\Local\Temp\as-ui3-round-1-0e5d576da0d14ebf9f3788bf4a216cd2
2026-08-22T20:12:26.683+08:00 [Information] PrimaryInstanceAcquired 本实例成为主实例。
2026-08-22T20:12:26.704+08:00 [Information] ServiceProviderBuilt 服务容器构建完成。
2026-08-22T20:12:26.707+08:00 [Information] LifetimeCoordinatorResolving 解析应用生命周期协调器。
2026-08-22T20:12:26.754+08:00 [Information] LifetimeCoordinatorResolved 应用生命周期协调器已解析。
2026-08-22T20:12:26.756+08:00 [Information] ActivationPipeStarting 激活管道启动中。
2026-08-22T20:12:26.765+08:00 [Information] ActivationPipeStarted 激活管道已启动。
2026-08-22T20:12:26.788+08:00 [Information] TaskSyncSettingsLoaded 任务计划程序同步开关已加载：关闭（NotFound）。
2026-08-22T20:12:26.790+08:00 [Information] SchedulerStarting 调度引擎启动中。
2026-08-22T20:12:26.813+08:00 [Information] SchedulerRunning 调度引擎已启动。
2026-08-22T20:12:26.829+08:00 [Information] RemoteServer 远程控制未启用或配置无效；不监听。
2026-08-22T20:12:26.908+08:00 [Information] MainWindowActivating 主窗口激活中。
2026-08-22T20:12:27.952+08:00 [Information] MainWindowActivated 主窗口已激活。
2026-08-22T20:12:27.954+08:00 [Information] ApplicationStarted 应用启动完成。
2026-08-22T20:12:28.006+08:00 [Information] ConfigurationLoaded 配置加载成功，SchemaVersion=1，TestMode=True，RealPowerEnabled=False。
2026-08-22T20:12:28.011+08:00 [Information] AutoStartStatusChecked 自启动状态：未启用。
2026-08-22T20:12:30.634+08:00 [Information] TaskCreateRequested 请求创建任务：Countdown，动作：Shutdown，提醒秒数：600。
2026-08-22T20:12:30.685+08:00 [Information] TaskCreateAccepted 创建任务已接受。
2026-08-22T20:12:32.512+08:00 [Information] TaskCreateRequested 请求创建任务：Weekdays，动作：Shutdown，提醒秒数：600。
2026-08-22T20:12:32.531+08:00 [Information] TaskCreateAccepted 创建任务已接受。
2026-08-22T20:12:38.366+08:00 [Information] TrayExitRequested 托盘菜单：退出程序。
2026-08-22T20:12:38.369+08:00 [Information] ApplicationStopping 应用正在退出。
2026-08-22T20:12:38.377+08:00 [Information] SchedulerStopping 调度引擎正在停止。
2026-08-22T20:12:38.402+08:00 [Information] RemoteServer 远程控制已停止。
2026-08-22T20:12:38.406+08:00 [Information] SchedulerStopped 调度引擎已停止。
2026-08-22T20:12:38.423+08:00 [Information] ApplicationStopped 应用已退出。
