2026-08-22T20:44:40.871+08:00 [Information] ApplicationStarting 应用启动。
2026-08-22T20:44:40.887+08:00 [Information] DataRoot 数据根目录：C:\Users\李佳茂\AppData\Local\Temp\as-ui3-round-1-29f12c1ee7f846d5a65830e738dc3f9e
2026-08-22T20:44:40.898+08:00 [Information] PrimaryInstanceAcquired 本实例成为主实例。
2026-08-22T20:44:40.917+08:00 [Information] ServiceProviderBuilt 服务容器构建完成。
2026-08-22T20:44:40.920+08:00 [Information] LifetimeCoordinatorResolving 解析应用生命周期协调器。
2026-08-22T20:44:40.965+08:00 [Information] LifetimeCoordinatorResolved 应用生命周期协调器已解析。
2026-08-22T20:44:40.967+08:00 [Information] ActivationPipeStarting 激活管道启动中。
2026-08-22T20:44:40.976+08:00 [Information] ActivationPipeStarted 激活管道已启动。
2026-08-22T20:44:41.001+08:00 [Information] TaskSyncSettingsLoaded 任务计划程序同步开关已加载：关闭（NotFound）。
2026-08-22T20:44:41.003+08:00 [Information] SchedulerStarting 调度引擎启动中。
2026-08-22T20:44:41.022+08:00 [Information] SchedulerRunning 调度引擎已启动。
2026-08-22T20:44:41.027+08:00 [Information] RemoteServer 远程控制未启用或配置无效；不监听。
2026-08-22T20:44:41.199+08:00 [Information] MainWindowActivating 主窗口激活中。
2026-08-22T20:44:41.961+08:00 [Information] ConfigurationLoaded 配置加载成功，SchemaVersion=1，TestMode=True，RealPowerEnabled=False。
2026-08-22T20:44:41.966+08:00 [Information] AutoStartStatusChecked 自启动状态：未启用。
2026-08-22T20:44:42.501+08:00 [Information] MainWindowActivated 主窗口已激活。
2026-08-22T20:44:42.503+08:00 [Information] ApplicationStarted 应用启动完成。
2026-08-22T20:44:44.856+08:00 [Information] TaskCreateRequested 请求创建任务：Countdown，动作：Shutdown，提醒秒数：600。
2026-08-22T20:44:44.913+08:00 [Information] TaskCreateAccepted 创建任务已接受。
2026-08-22T20:44:46.714+08:00 [Information] TaskCreateRequested 请求创建任务：Weekdays，动作：Shutdown，提醒秒数：600。
2026-08-22T20:44:46.734+08:00 [Information] TaskCreateAccepted 创建任务已接受。
2026-08-22T20:44:52.613+08:00 [Information] TrayExitRequested 托盘菜单：退出程序。
2026-08-22T20:44:52.616+08:00 [Information] ApplicationStopping 应用正在退出。
2026-08-22T20:44:52.624+08:00 [Information] SchedulerStopping 调度引擎正在停止。
2026-08-22T20:44:52.654+08:00 [Information] RemoteServer 远程控制已停止。
2026-08-22T20:44:52.658+08:00 [Information] SchedulerStopped 调度引擎已停止。
2026-08-22T20:44:52.673+08:00 [Information] ApplicationStopped 应用已退出。
