2026-08-22T20:44:54.501+08:00 [Information] ApplicationStarting 应用启动。
2026-08-22T20:44:54.520+08:00 [Information] DataRoot 数据根目录：C:\Users\李佳茂\AppData\Local\Temp\as-ui3-round-2-8b96322ba99b4fcca3c7a10bbdfdbd57
2026-08-22T20:44:54.539+08:00 [Information] PrimaryInstanceAcquired 本实例成为主实例。
2026-08-22T20:44:54.560+08:00 [Information] ServiceProviderBuilt 服务容器构建完成。
2026-08-22T20:44:54.563+08:00 [Information] LifetimeCoordinatorResolving 解析应用生命周期协调器。
2026-08-22T20:44:54.610+08:00 [Information] LifetimeCoordinatorResolved 应用生命周期协调器已解析。
2026-08-22T20:44:54.612+08:00 [Information] ActivationPipeStarting 激活管道启动中。
2026-08-22T20:44:54.622+08:00 [Information] ActivationPipeStarted 激活管道已启动。
2026-08-22T20:44:54.642+08:00 [Information] TaskSyncSettingsLoaded 任务计划程序同步开关已加载：关闭（NotFound）。
2026-08-22T20:44:54.644+08:00 [Information] SchedulerStarting 调度引擎启动中。
2026-08-22T20:44:54.666+08:00 [Information] SchedulerRunning 调度引擎已启动。
2026-08-22T20:44:54.671+08:00 [Information] RemoteServer 远程控制未启用或配置无效；不监听。
2026-08-22T20:44:54.744+08:00 [Information] MainWindowActivating 主窗口激活中。
2026-08-22T20:44:55.292+08:00 [Information] ConfigurationLoaded 配置加载成功，SchemaVersion=1，TestMode=True，RealPowerEnabled=False。
2026-08-22T20:44:55.296+08:00 [Information] AutoStartStatusChecked 自启动状态：未启用。
2026-08-22T20:44:55.755+08:00 [Information] MainWindowActivated 主窗口已激活。
2026-08-22T20:44:55.757+08:00 [Information] ApplicationStarted 应用启动完成。
2026-08-22T20:44:58.056+08:00 [Information] TaskCreateRequested 请求创建任务：Countdown，动作：Shutdown，提醒秒数：600。
2026-08-22T20:44:58.107+08:00 [Information] TaskCreateAccepted 创建任务已接受。
2026-08-22T20:44:59.893+08:00 [Information] TaskCreateRequested 请求创建任务：Weekdays，动作：Shutdown，提醒秒数：600。
2026-08-22T20:44:59.916+08:00 [Information] TaskCreateAccepted 创建任务已接受。
2026-08-22T20:45:05.811+08:00 [Information] TrayExitRequested 托盘菜单：退出程序。
2026-08-22T20:45:05.819+08:00 [Information] ApplicationStopping 应用正在退出。
2026-08-22T20:45:05.831+08:00 [Information] SchedulerStopping 调度引擎正在停止。
2026-08-22T20:45:05.863+08:00 [Information] RemoteServer 远程控制已停止。
2026-08-22T20:45:05.869+08:00 [Information] SchedulerStopped 调度引擎已停止。
2026-08-22T20:45:05.889+08:00 [Information] ApplicationStopped 应用已退出。
