== S-UI3 UIA SMOKE round 1 (2026-08-22 20:44:38) ==
A: 本轮数据根 = C:\Users\李佳茂\AppData\Local\Temp\as-ui3-round-1-29f12c1ee7f846d5a65830e738dc3f9e
PASS  A: 数据根独立于正式数据根
PASS  主窗口成功出现
PASS  安全测试模式横幅可见
PASS  双闸门：不执行真实系统电源提示可见
  [launcher] 正在准备 AutoShutdown 实时 UI 安全测试界面……
  [launcher] 工作区：D:\电脑定时关机重建完整版
  [launcher] Git HEAD：1576391421b2ee2e27afaab28232d41b5a245732
  [launcher] 启动失败：检测到已有 AutoShutdown 实例。请先从托盘正常退出；本入口不会自动关闭它。
  [launcher] 日志路径：D:\电脑定时关机重建完整版\.build-tmp\S-UI3-logs\start-20260822-204444.log
PASS  已有实例时入口拒绝启动
PASS  拒绝启动未结束已有实例
PASS  创建第一条模拟任务
PASS  第一条任务创建完成(当前任务卡状态变化)
PASS  切换每周模式以创建不同任务
PASS  每周指定星期面板已展开(周日可见)
PASS  创建第二条模拟任务
PASS  首页显示两条任务
PASS  进入任务管理页
PASS  任务管理显示两条任务
PASS  保存 UIA 截图证据
PASS  C1: 关闭窗口后主窗口隐藏
PASS  C1: 关闭窗口后进程仍存活(隐藏到托盘)
  [tray] 目标 PID: 48888  名称: AutoShutdown.App
  [tray] 已调用「退出程序」。
  [tray] 进程已退出。ExitCode=
  [tray] 残留 AutoShutdown 进程数(不含目标PID): 0
PASS  C2: 托盘「退出程序」按精确 PID 完成
PASS  C2: 进程按托盘退出已结束
PASS  C2: 无 AutoShutdown 残留进程
PASS  C2: 日志含 TrayExitRequested
PASS  C2: 日志含 ApplicationStopping
PASS  C2: 日志含 ApplicationStopped
PASS  C2: 日志顺序 TrayExitRequested→ApplicationStopping→ApplicationStopped
PASS  正式数据目录未改变
D: 本轮 app 日志已复制到 S-PKG-work包\S-UI3-D3复验证据\ui3-round-1-applogs
PASS  D: 隔离根删除边界确认并清理
D: 隔离根清理完成 status=Deleted
第 1/2 轮: PASS  PID=48888  停止按钮数=2  trayExit=0  residual=0  formalUnchanged=True
